#-----------------------------------------------------------
# Webtalk v2020.1 (64-bit)
# SW Build 2902540 on Wed May 27 19:54:49 MDT 2020
# IP Build 2902112 on Wed May 27 22:43:36 MDT 2020
# Start of session at: Thu Oct 15 16:26:44 2020
# Process ID: 932
# Current directory: C:/Users/n9510761/Desktop/projectBFinal/06_demo_all_2020/06_demo_all.sim/sim_1/behav/xsim
# Command line: wbtcv.exe -mode batch -source C:/Users/n9510761/Desktop/projectBFinal/06_demo_all_2020/06_demo_all.sim/sim_1/behav/xsim/xsim.dir/tb_top_behav/webtalk/xsim_webtalk.tcl -notrace
# Log file: C:/Users/n9510761/Desktop/projectBFinal/06_demo_all_2020/06_demo_all.sim/sim_1/behav/xsim/webtalk.log
# Journal file: C:/Users/n9510761/Desktop/projectBFinal/06_demo_all_2020/06_demo_all.sim/sim_1/behav/xsim\webtalk.jou
#-----------------------------------------------------------
source C:/Users/n9510761/Desktop/projectBFinal/06_demo_all_2020/06_demo_all.sim/sim_1/behav/xsim/xsim.dir/tb_top_behav/webtalk/xsim_webtalk.tcl -notrace
